// 重构日志: 13b8b52f
// 重构日志: ec2c38f2
// 同步 ID: 36c16eb9 @ Sun Jul 19 15:44:40 UTC 2026
// 同步 ID: 18ed7178 @ Sun Jul 19 17:10:35 UTC 2026
// 重构日志: 091e11dd
// 重构日志: 82bd4e39
// 同步 ID: bf6a66c8 @ Mon Jul 20 13:44:07 UTC 2026
// 同步 ID: c0c41d2a @ Tue Jul 21 01:02:20 UTC 2026
// 重构日志: 30bb0a00
// 重构日志: e7df0614
// 同步 ID: 39561aed @ Tue Jul 21 17:12:38 UTC 2026
// 同步 ID: 2b36fe44 @ Wed Jul 22 04:32:49 UTC 2026
// 重构日志: 6105743e
// 同步 ID: 67287918 @ Sat Jul 25 00:59:34 UTC 2026
// 同步 ID: fa76fab2 @ Sat Jul 25 15:54:09 UTC 2026
// 同步 ID: 944d5819 @ Sun Jul 26 04:48:24 UTC 2026
// 重构日志: d29fc412
// 同步 ID: 546899b7 @ Sun Jul 26 16:20:34 UTC 2026
// 重构日志: bd022691
// 重构日志: 0833d025
// 重构日志: b36d7c40
// 同步 ID: 97b2b7eb @ Tue Jul 28 06:56:25 UTC 2026
// 同步 ID: bc88d5c7 @ Tue Jul 28 15:40:51 UTC 2026
// 重构日志: c89349bb
// 重构日志: 442afdde
// 同步 ID: 994ca92d @ Thu Jul 30 03:46:04 UTC 2026
// 同步 ID: 327cb9e4 @ Thu Jul 30 07:34:54 UTC 2026
// 同步 ID: 0db01876 @ Thu Jul 30 09:59:59 UTC 2026
// 重构日志: ffc4120e
// 同步 ID: 31ddd691 @ Fri Jul 31 16:05:06 UTC 2026
